
2026/04/01 07:01:44 [35mC:/Users/ASUS/OneDrive/Desktop/Software Engineer/Project/booking-service-elektronik/testhelper/db_helper.go:51
[0m[31m[error] [0mfailed to initialize database, got error failed to connect to `user=neondb_owner database=postgres`:
	52.220.170.93:5432 (ep-sparkling-water-a1m31gcb-pooler.ap-southeast-1.aws.neon.tech): server error: ERROR: connection is insecure (try using `sslmode=require`) (SQLSTATE 28000)
	13.228.184.177:5432 (ep-sparkling-water-a1m31gcb-pooler.ap-southeast-1.aws.neon.tech): server error: ERROR: connection is insecure (try using `sslmode=require`) (SQLSTATE 28000)
	13.228.46.236:5432 (ep-sparkling-water-a1m31gcb-pooler.ap-southeast-1.aws.neon.tech): server error: ERROR: connection is insecure (try using `sslmode=require`) (SQLSTATE 28000)
2026/04/01 07:01:44 Test: gagal koneksi ke postgres untuk buat test DB: failed to connect to `user=neondb_owner database=postgres`:
	52.220.170.93:5432 (ep-sparkling-water-a1m31gcb-pooler.ap-southeast-1.aws.neon.tech): server error: ERROR: connection is insecure (try using `sslmode=require`) (SQLSTATE 28000)
	13.228.184.177:5432 (ep-sparkling-water-a1m31gcb-pooler.ap-southeast-1.aws.neon.tech): server error: ERROR: connection is insecure (try using `sslmode=require`) (SQLSTATE 28000)
	13.228.46.236:5432 (ep-sparkling-water-a1m31gcb-pooler.ap-southeast-1.aws.neon.tech): server error: ERROR: connection is insecure (try using `sslmode=require`) (SQLSTATE 28000)
FAIL	booking-service/services	0.475s
FAIL
